// Jest Snapshot v1, https://goo.gl/fbAQLP

exports[`Hero snapshot tests renders with custom props 1`] = `
<div
  class="css-cfvpbv"
  data-testid="some-testid"
  height="240px"
  src="some-src"
>
  <div
    data-testid="child-component"
  />
</div>
`;

exports[`Hero snapshot tests renders with default props 1`] = `
<div
  class="css-1llnn4a"
  data-testid="hero-atom"
  src="some-src"
/>
`;
