// Jest Snapshot v1, https://goo.gl/fbAQLP

exports[`Hero snapshot tests renders with custom props 1`] = `
<div
  class="css-wit2t5-HeroImage e1blgcp90"
  data-testid="some-testid"
>
  <div
    data-testid="child-component"
  />
</div>
`;

exports[`Hero snapshot tests renders with default props 1`] = `
<div
  class="css-1riqis2-HeroImage e1blgcp90"
  data-testid="hero-atom"
/>
`;
