// Jest Snapshot v1, https://goo.gl/fbAQLP

exports[`Hero snapshot tests renders with custom props 1`] = `
<div
  class="css-8jgnfd"
  data-testid="some-testid"
>
  <div
    data-testid="child-component"
  />
</div>
`;

exports[`Hero snapshot tests renders with default props 1`] = `
<div
  class="css-1gcj3ef"
  data-testid="hero-atom"
/>
`;
